<?xml version="1.0" encoding="UTF-8"?>
<testsuites name="jest tests" tests="52" failures="0" errors="0" time="99.477">
  <testsuite name="weatherForecast selectors test" errors="0" failures="0" skipped="0" timestamp="2026-05-31T16:00:32" time="12.186" tests="10">
    <testcase classname="weatherForecast selectors test should select all forecasts from items" name="weatherForecast selectors test should select all forecasts from items" time="0.031">
    </testcase>
    <testcase classname="weatherForecast selectors test should return an empty array when no forecasts are loaded" name="weatherForecast selectors test should return an empty array when no forecasts are loaded" time="0.005">
    </testcase>
    <testcase classname="weatherForecast selectors test should select the selected forecast" name="weatherForecast selectors test should select the selected forecast" time="0.001">
    </testcase>
    <testcase classname="weatherForecast selectors test should return null when nothing is selected" name="weatherForecast selectors test should return null when nothing is selected" time="0.001">
    </testcase>
    <testcase classname="weatherForecast selectors test should select the loading flag (true)" name="weatherForecast selectors test should select the loading flag (true)" time="0.004">
    </testcase>
    <testcase classname="weatherForecast selectors test should select the loading flag (false)" name="weatherForecast selectors test should select the loading flag (false)" time="0.003">
    </testcase>
    <testcase classname="weatherForecast selectors test should select the error message" name="weatherForecast selectors test should select the error message" time="0">
    </testcase>
    <testcase classname="weatherForecast selectors test should return null for error when no error is present" name="weatherForecast selectors test should return null for error when no error is present" time="0.001">
    </testcase>
    <testcase classname="weatherForecast selectors test should derive forecast count from items length" name="weatherForecast selectors test should derive forecast count from items length" time="0.001">
    </testcase>
    <testcase classname="weatherForecast selectors test should return 0 for forecast count when items is empty" name="weatherForecast selectors test should return 0 for forecast count when items is empty" time="0.001">
    </testcase>
  </testsuite>
  <testsuite name="weatherForecast reducer test" errors="0" failures="0" skipped="0" timestamp="2026-05-31T16:00:32" time="12.331" tests="19">
    <testcase classname="weatherForecast reducer test should return initial state when called with undefined state" name="weatherForecast reducer test should return initial state when called with undefined state" time="0.023">
    </testcase>
    <testcase classname="weatherForecast reducer test request actions should set loading=true and clear error on FETCH_ALL_REQUEST" name="weatherForecast reducer test request actions should set loading=true and clear error on FETCH_ALL_REQUEST" time="0.002">
    </testcase>
    <testcase classname="weatherForecast reducer test request actions should set loading=true on FETCH_BY_ID_REQUEST" name="weatherForecast reducer test request actions should set loading=true on FETCH_BY_ID_REQUEST" time="0">
    </testcase>
    <testcase classname="weatherForecast reducer test request actions should set loading=true on CREATE_REQUEST" name="weatherForecast reducer test request actions should set loading=true on CREATE_REQUEST" time="0">
    </testcase>
    <testcase classname="weatherForecast reducer test request actions should set loading=true on UPDATE_REQUEST" name="weatherForecast reducer test request actions should set loading=true on UPDATE_REQUEST" time="0.001">
    </testcase>
    <testcase classname="weatherForecast reducer test request actions should set loading=true on DELETE_REQUEST" name="weatherForecast reducer test request actions should set loading=true on DELETE_REQUEST" time="0.001">
    </testcase>
    <testcase classname="weatherForecast reducer test success actions should set items and clear loading on FETCH_ALL_SUCCESS" name="weatherForecast reducer test success actions should set items and clear loading on FETCH_ALL_SUCCESS" time="0">
    </testcase>
    <testcase classname="weatherForecast reducer test success actions should set selected and clear loading on FETCH_BY_ID_SUCCESS" name="weatherForecast reducer test success actions should set selected and clear loading on FETCH_BY_ID_SUCCESS" time="0.001">
    </testcase>
    <testcase classname="weatherForecast reducer test success actions should append the new item on CREATE_SUCCESS" name="weatherForecast reducer test success actions should append the new item on CREATE_SUCCESS" time="0.001">
    </testcase>
    <testcase classname="weatherForecast reducer test success actions should replace matching item on UPDATE_SUCCESS" name="weatherForecast reducer test success actions should replace matching item on UPDATE_SUCCESS" time="0.001">
    </testcase>
    <testcase classname="weatherForecast reducer test success actions should also update selected when its id matches on UPDATE_SUCCESS" name="weatherForecast reducer test success actions should also update selected when its id matches on UPDATE_SUCCESS" time="0.001">
    </testcase>
    <testcase classname="weatherForecast reducer test success actions should leave selected alone on UPDATE_SUCCESS when its id does not match" name="weatherForecast reducer test success actions should leave selected alone on UPDATE_SUCCESS when its id does not match" time="0.001">
    </testcase>
    <testcase classname="weatherForecast reducer test success actions should filter out the deleted item on DELETE_SUCCESS" name="weatherForecast reducer test success actions should filter out the deleted item on DELETE_SUCCESS" time="0">
    </testcase>
    <testcase classname="weatherForecast reducer test success actions should clear selected on DELETE_SUCCESS when its id matches" name="weatherForecast reducer test success actions should clear selected on DELETE_SUCCESS when its id matches" time="0">
    </testcase>
    <testcase classname="weatherForecast reducer test success actions should leave selected alone on DELETE_SUCCESS when its id does not match" name="weatherForecast reducer test success actions should leave selected alone on DELETE_SUCCESS when its id does not match" time="0.001">
    </testcase>
    <testcase classname="weatherForecast reducer test failure actions should set error and clear loading on FETCH_ALL_FAILURE" name="weatherForecast reducer test failure actions should set error and clear loading on FETCH_ALL_FAILURE" time="0.001">
    </testcase>
    <testcase classname="weatherForecast reducer test failure actions should set error on CREATE_FAILURE" name="weatherForecast reducer test failure actions should set error on CREATE_FAILURE" time="0.001">
    </testcase>
    <testcase classname="weatherForecast reducer test failure actions should set error on DELETE_FAILURE" name="weatherForecast reducer test failure actions should set error on DELETE_FAILURE" time="0">
    </testcase>
    <testcase classname="weatherForecast reducer test unknown action should return current state unchanged" name="weatherForecast reducer test unknown action should return current state unchanged" time="0.001">
    </testcase>
  </testsuite>
  <testsuite name="weatherForecast saga test" errors="0" failures="0" skipped="0" timestamp="2026-05-31T16:00:32" time="12.399" tests="12">
    <testcase classname="weatherForecast saga test root watcher (weatherForecastSaga) should fork all takeLatest watchers in order" name="weatherForecast saga test root watcher (weatherForecastSaga) should fork all takeLatest watchers in order" time="0.028">
    </testcase>
    <testcase classname="weatherForecast saga test fetchAll saga should call svc.getAll and dispatch fetchAllSuccess on happy path" name="weatherForecast saga test fetchAll saga should call svc.getAll and dispatch fetchAllSuccess on happy path" time="0.002">
    </testcase>
    <testcase classname="weatherForecast saga test fetchAll saga should dispatch fetchAllFailure with the error message on error" name="weatherForecast saga test fetchAll saga should dispatch fetchAllFailure with the error message on error" time="0.001">
    </testcase>
    <testcase classname="weatherForecast saga test fetchAll saga should fall back to &quot;Unexpected error&quot; when thrown value has no message" name="weatherForecast saga test fetchAll saga should fall back to &quot;Unexpected error&quot; when thrown value has no message" time="0.001">
    </testcase>
    <testcase classname="weatherForecast saga test fetchById saga should call svc.getById with the id and dispatch fetchByIdSuccess" name="weatherForecast saga test fetchById saga should call svc.getById with the id and dispatch fetchByIdSuccess" time="0.002">
    </testcase>
    <testcase classname="weatherForecast saga test fetchById saga should dispatch fetchByIdFailure on error" name="weatherForecast saga test fetchById saga should dispatch fetchByIdFailure on error" time="0.001">
    </testcase>
    <testcase classname="weatherForecast saga test createForecast saga should call svc.create with the payload and dispatch createSuccess" name="weatherForecast saga test createForecast saga should call svc.create with the payload and dispatch createSuccess" time="0.002">
    </testcase>
    <testcase classname="weatherForecast saga test createForecast saga should dispatch createFailure on error" name="weatherForecast saga test createForecast saga should dispatch createFailure on error" time="0.001">
    </testcase>
    <testcase classname="weatherForecast saga test updateForecast saga should call svc.update with id and full payload, then dispatch updateSuccess" name="weatherForecast saga test updateForecast saga should call svc.update with id and full payload, then dispatch updateSuccess" time="0.002">
    </testcase>
    <testcase classname="weatherForecast saga test updateForecast saga should dispatch updateFailure on error" name="weatherForecast saga test updateForecast saga should dispatch updateFailure on error" time="0.001">
    </testcase>
    <testcase classname="weatherForecast saga test deleteForecast saga should call svc.remove with the id and dispatch deleteSuccess with the same id" name="weatherForecast saga test deleteForecast saga should call svc.remove with the id and dispatch deleteSuccess with the same id" time="0.001">
    </testcase>
    <testcase classname="weatherForecast saga test deleteForecast saga should dispatch deleteFailure on error" name="weatherForecast saga test deleteForecast saga should dispatch deleteFailure on error" time="0.001">
    </testcase>
  </testsuite>
  <testsuite name="ForecastCreateForm Test" errors="0" failures="0" skipped="0" timestamp="2026-05-31T16:00:32" time="70.278" tests="5">
    <testcase classname="ForecastCreateForm Test should render ForecastCreateForm" name="ForecastCreateForm Test should render ForecastCreateForm" time="0.098">
    </testcase>
    <testcase classname="ForecastCreateForm Test should render Date, Temperature, and Summary fields" name="ForecastCreateForm Test should render Date, Temperature, and Summary fields" time="0.016">
    </testcase>
    <testcase classname="ForecastCreateForm Test should render the submit button labeled &quot;Create forecast&quot;" name="ForecastCreateForm Test should render the submit button labeled &quot;Create forecast&quot;" time="0.01">
    </testcase>
    <testcase classname="ForecastCreateForm Test should disable the submit button when the disabled prop is true" name="ForecastCreateForm Test should disable the submit button when the disabled prop is true" time="0.012">
    </testcase>
    <testcase classname="ForecastCreateForm Test should enable the submit button when the disabled prop is false" name="ForecastCreateForm Test should enable the submit button when the disabled prop is false" time="0.008">
    </testcase>
  </testsuite>
  <testsuite name="WeatherForecastView Test" errors="0" failures="0" skipped="0" timestamp="2026-05-31T16:00:32" time="70.33" tests="6">
    <testcase classname="WeatherForecastView Test should render WeatherForecastView" name="WeatherForecastView Test should render WeatherForecastView" time="0.095">
    </testcase>
    <testcase classname="WeatherForecastView Test should dispatch FETCH_ALL_REQUEST on mount" name="WeatherForecastView Test should dispatch FETCH_ALL_REQUEST on mount" time="0.014">
    </testcase>
    <testcase classname="WeatherForecastView Test should render the forecast count from items in the store" name="WeatherForecastView Test should render the forecast count from items in the store" time="0.021">
    </testcase>
    <testcase classname="WeatherForecastView Test should render the selected forecast block when a forecast is selected" name="WeatherForecastView Test should render the selected forecast block when a forecast is selected" time="0.016">
    </testcase>
    <testcase classname="WeatherForecastView Test should render the error message when error is present in store" name="WeatherForecastView Test should render the error message when error is present in store" time="0.01">
    </testcase>
    <testcase classname="WeatherForecastView Test should not render the selected forecast block when nothing is selected" name="WeatherForecastView Test should not render the selected forecast block when nothing is selected" time="0.011">
    </testcase>
  </testsuite>
</testsuites>